]0;~/Documents/Emory/admin/r_club[?1034h6300L-127771-M:r_club malishev$ [K6300L-127771-M:r_club malishev$ ls -a
.			r_club.Rproj		r_club_admin.tex
..			r_club_admin.Rmd	r_club_admin_cache
.DS_Store		r_club_admin.html	r_club_mailing_list.txt
.Rproj.user		r_club_admin.log
datetime.jpg		r_club_admin.pdf
ls[K[Kpwd
/Users/malishev/Documents/Emory/admin/ecc
]0;~/Documents/Emory/admin/ecc6300L-127771-M:ecc malishev$ git init
Initialized empty Git repository in /Users/malishev/Documents/Emory/admin/ecc/.git/
]0;~/Documents/Emory/admin/ecc6300L-127771-M:ecc malishev$ ls -a
.			.Rproj.user		ecc_master.html
..			.git			emorycodingclub.Rproj
.DS_Store		admin_
.Rhistory		ecc_master.Rmd
]0;~/Documents/Emory/admin/ecc6300L-127771-M:ecc malishev$ open .git/[Kignore
The file /Users/malishev/Documents/Emory/admin/ecc/.gitignore does not exist.
]0;~/Documents/Emory/admin/ecc6300L-127771-M:ecc malishev$ open .gitignore.txt
The file /Users/malishev/Documents/Emory/admin/ecc/.gitignore.txt does not exist.
]0;~/Documents/Emory/admin/ecc6300L-127771-M:ecc malishev$ open .gitignore.txt[1P .gitignore.txt[1P .gitignore.txt[1P .gitignore.txt[1P .gitignore.txtt .gitignore.txto .gitignore.txtu .gitignore.txtc .gitignore.txth .gitignore.txt[C[C[C[C[C[C[C[C[C[C[C[C[C[C[C[K[K[K[K
]0;~/Documents/Emory/admin/ecc6300L-127771-M:ecc malishev$ touch .gitignoreopen .gitignore.txt[K[K[K[K
]0;~/Documents/Emory/admin/ecc6300L-127771-M:ecc malishev$ touch README.MD[K[Kmd
]0;~/Documents/Emory/admin/ecc6300L-127771-M:ecc malishev$ open README.md 
]0;~/Documents/Emory/admin/ecc6300L-127771-M:ecc malishev$ git log
fatal: your current branch 'master' does not have any commits yet
]0;~/Documents/Emory/admin/ecc6300L-127771-M:ecc malishev$ git init[K[K[K[K[K[K[K[Kgit logopen README.md 
]0;~/Documents/Emory/admin/ecc6300L-127771-M:ecc malishev$ git init[K[K[K[K[K add .
]0;~/Documents/Emory/admin/ecc6300L-127771-M:ecc malishev$ git init[K[K[K[Kcommit -m ''i'n'i't'[C
[master (root-commit) b2cbf56] init
 37 files changed, 1265 insertions(+)
 create mode 100644 .Rhistory
 create mode 100644 .Rproj.user/ABE7B653/console06/E8FBF1BE
 create mode 100644 .Rproj.user/ABE7B653/console06/E8FBF1BE.env
 create mode 100644 .Rproj.user/ABE7B653/console06/INDEX001
 create mode 100644 .Rproj.user/ABE7B653/pcs/files-pane.pper
 create mode 100644 .Rproj.user/ABE7B653/pcs/source-pane.pper
 create mode 100644 .Rproj.user/ABE7B653/pcs/windowlayoutstate.pper
 create mode 100644 .Rproj.user/ABE7B653/pcs/workbench-pane.pper
 create mode 100644 .Rproj.user/ABE7B653/rmd-outputs
 create mode 100644 .Rproj.user/ABE7B653/saved_source_markers
 create mode 100644 .Rproj.user/ABE7B653/sources/prop/3977270D
 create mode 100644 .Rproj.user/ABE7B653/sources/prop/41923272
 create mode 100644 .Rproj.user/ABE7B653/sources/prop/41FD81BC
 create mode 100644 .Rproj.user/ABE7B653/sources/prop/89E75701
 create mode 100644 .Rproj.user/ABE7B653/sources/prop/90CF51A8
 create mode 100644 .Rproj.user/ABE7B653/sources/prop/966E3938
 create mode 100644 .Rproj.user/ABE7B653/sources/prop/C99BE371
 create mode 100644 .Rproj.user/ABE7B653/sources/prop/INDEX
 create mode 100644 .Rproj.user/ABE7B653/sources/s-FB918B88/229A19
 create mode 100644 .Rproj.user/ABE7B653/sources/s-FB918B88/229A19-contents
 create mode 100644 .Rproj.user/ABE7B653/sources/s-FB918B88/28805F7E
 create mode 100644 .Rproj.user/ABE7B653/sources/s-FB918B88/28805F7E-contents
 create mode 100644 .Rproj.user/ABE7B653/sources/s-FB918B88/2AD4A1D8-contents
 create mode 100644 .Rproj.user/ABE7B653/sources/s-FB918B88/lock_file
 create mode 100644 .Rproj.user/shared/notebooks/45BF1761-ecc_master/1/ABE7B653FB918B88/chunks.json
 create mode 100644 .Rproj.user/shared/notebooks/45BF1761-ecc_master/1/s/chunks.json
 create mode 100644 .Rproj.user/shared/notebooks/5A3CBB58-ecc_admin/1/ABE7B653FB918B88/chunks.json
 create mode 100644 .Rproj.user/shared/notebooks/5A3CBB58-ecc_admin/1/s/chunks.json
 create mode 100644 .Rproj.user/shared/notebooks/E22EADF1-ecc_master/1/s/chunks.json
 create mode 100644 .Rproj.user/shared/notebooks/E22EADF1-ecc_master/1/s/cz7n466lmj9rs/000002.csv
 create mode 100644 .Rproj.user/shared/notebooks/patch-chunk-names
 create mode 100644 .Rproj.user/shared/notebooks/paths
 create mode 100644 .gitignore
 create mode 100644 README.md
 create mode 100644 ecc_master.Rmd
 create mode 100644 ecc_master.html
 create mode 100644 emorycodingclub.Rproj
]0;~/Documents/Emory/admin/ecc6300L-127771-M:ecc malishev$ git remote -[Kadd-origin ""h"t"t"p"s":"/"/"g"i"t"h"u"b"."c"o"m"/"d"a"r"w"i"n"a"n"d"d"a"v"i"s"/"E"m"o"R"y"C" [A[C[C[C[C[C[C[C[C[C[C[C[C[C[C[C[C[C[C[C[C[C[C[C[C[C[C[C[C[C[C[C[C[C[C[C[C[C[C[C[C[C[C[C[C[C[C[C[C[C[C[C[C[C[C[C[C[C[C[C[C[C[C[C[C[C[C[C[C[C[C[C[C[C[C[C[C[C[C[C[C[C[C[C[C[C[C[C[C[C[C[Co""d"i"n"g"C"l"u"b"
error: Unknown subcommand: add-origin
usage: git remote [-v | --verbose]
   or: git remote add [-t <branch>] [-m <master>] [-f] [--tags | --no-tags] [--mirror=<fetch|push>] <name> <url>
   or: git remote rename <old> <new>
   or: git remote remove <name>
   or: git remote set-head <name> (-a | --auto | -d | --delete | <branch>)
   or: git remote [-v | --verbose] show [-n] <name>
   or: git remote prune [-n | --dry-run] <name>
   or: git remote [-v | --verbose] update [-p | --prune] [(<group> | <remote>)...]
   or: git remote set-branches [--add] <name> <branch>...
   or: git remote get-url [--push] [--all] <name>
   or: git remote set-url [--push] <name> <newurl> [<oldurl>]
   or: git remote set-url --add <name> <newurl>
   or: git remote set-url --delete <name> <url>

    -v, --verbose         be verbose; must be placed before a subcommand

]0;~/Documents/Emory/admin/ecc6300L-127771-M:ecc malishev$ git remote add-origin "https://github.com/darwinanddavis/EmoRyCoddingClub"[A[C[C[C[C[C[C[C[C[C[C[C[C[C[C[C[C[C[C[C[C[C[C[C[C[C[C[C[C[C[C[C[C[C[C[C[C[C[C[C[C[C[C[C[C[C[C[C[C[C[C[C[C[C[C[C[C[C[C[C[C[C[C[C[C[C[C[C[C[C[C[C[C[C[C[C[C[C[C[C[C[C[C[C[C[C[C[C[C[C[C[C[C[C "https://github.com/darwinanddavis/EmoRyCodi[1PngClub"[A[C[C[C[C[C[C[C[C[C[C[C[C[C[C[C[C[C[C[C[C[C[C[C[C[C[C[C[C[C[C[C[C[C[C[C[C[C[C[C[C[C "https://github.com/darwinanddavis/EmoRyCodin[1PgClub"[A[C[C[C[C[C[C[C[C[C[C[C[C[C[C[C[C[C[C[C[C[C[C[C[C[C[C[C[C[C[C[C[C[C[C[C[C[C[C[C[C[C "https://github.com/darwinanddavis/EmoRyCoding[1PClub"[A[C[C[C[C[C[C[C[C[C[C[C[C[C[C[C[C[C[C[C[C[C[C[C[C[C[C[C[C[C[C[C[C[C[C[C[C[C[C[C[C[C "https://github.com/darwinanddavis/EmoRyCodingC[1Plub"[A[C[C[C[C[C[C[C[C[C[C[C[C[C[C[C[C[C[C[C[C[C[C[C[C[C[C[C[C[C[C[C[C[C[C[C[C[C[C[C[C[C "https://github.com/darwinanddavis/EmoRyCodingCl[1Pub"[A[C[C[C[C[C[C[C[C[C[C[C[C[C[C[C[C[C[C[C[C[C[C[C[C[C[C[C[C[C[C[C[C[C[C[C[C[C[C[C[C[C "https://github.com/darwinanddavis/EmoRyCodingClu[1Pb"[A[C[C[C[C[C[C[C[C[C[C[C[C[C[C[C[C[C[C[C[C[C[C[C[C[C[C[C[C[C[C[C[C[C[C[C[C[C[C[C[C[C "https://github.com/darwinanddavis/EmoRyCodingClub[1P"[A[C[C[C[C[C[C[C[C[C[C[C[C[C[C[C[C[C[C[C[C[C[C[C[C[C[C[C[C[C[C[C[C[C[C[C[C[C[C[C[C[C "https://github.com/darwinanddavis/EmoRyCodingClub"[K[A[C[C[C[C[C[C[C[C[C[C[C[C[C[C[C[C[C[C[C[C[C[C[C[C[C[C[C[C[C[C[C[C[C[C[C[C[C[C[C[C[C "https://github.com/darwinanddavis/EmoRyCodingClub" [K[A[C[C[C[C[C[C[C[C[C[C[C[C[C[C[C[C[C[C[C[C[C[C[C[C[C[C[C[C[C[C[C[C[C[C[C[C[C[C[C[C[C[1P "https://github.com/darwinanddavis/EmoRyCodingClub"
[K[A[C[C[C[C[C[C[C[C[C[C[C[C[C[C[C[C[C[C[C[C[C[C[C[C[C[C[C[C[C[C[C[C[C[C[C[C[C[C[C[C[1P"https://github.com/darwinanddavis/EmoRyCodingClub"[C[C[C[C[C[C[C[C[C[C[C[C[C[C[C[C[C[C[C[C[C[C[C[C[C[C[C[C[C[C[C[C[C[C[C[C[C[C[Cs "https://github.com/darwinanddavis/EmoRyCodingClub"[C[C[C[C[C[C[C[C[C[C[C[C[C[C[C[C[C[C[C[C[C[C[C[C[C[C[C[C[C[C[C[C[C[C[C[C[C[C[C[C[1P "https://github.com/darwinanddavis/EmoRyCodingClub"[C[C[C[C[C[C[C[C[C[C[C[C[C[C[C[C[C[C[C[C[C[C[C[C[C[C[C[C[C[C[C[C[C[C[C[C[C[C[C[C "https://github.com/darwinanddavis/EmoRyCodingClub"[C[C[C[C[C[C[C[C[C[C[C[C[C[C[C[C[C[C[C[C[C[C[C[C[C[C[C[C[C[C[C[C[C[C[C[C[C[C[C[Cs "https://github.com/darwinanddavis/EmoRyCodingClub" [A[C[C[C[C[C[C[C[C[C[C[C[C[C[C[C[C[C[C[C[C[C[C[C[C[C[C[C[C[C[C[C[C[C[C[C[C[C[C[C[Ce "https://github.com/darwinanddavis/EmoRyCodingClub""[A[C[C[C[C[C[C[C[C[C[C[C[C[C[C[C[C[C[C[C[C[C[C[C[C[C[C[C[C[C[C[C[C[C[C[C[C[C[C[C[C[Ct "https://github.com/darwinanddavis/EmoRyCodingClub"[A[C[C[C[C[C[C[C[C[C[C[C[C[C[C[C[C[C[C[C[C[C[C[C[C[C[C[C[C[C[C[C[C[C[C[C[C[C[C[C[C[C- "https://github.com/darwinanddavis/EmoRyCodingClub"[A[C[C[C[C[C[C[C[C[C[C[C[C[C[C[C[C[C[C[C[C[C[C[C[C[C[C[C[C[C[C[C[C[C[C[C[C[C[C[C[C[Cu "https://github.com/darwinanddavis/EmoRyCodingClub"[A[C[C[C[C[C[C[C[C[C[C[C[C[C[C[C[C[C[C[C[C[C[C[C[C[C[C[C[C[C[C[C[C[C[C[C[C[C[C[C[C[Cr "https://github.com/darwinanddavis/EmoRyCodingClub"[A[C[C[C[C[C[C[C[C[C[C[C[C[C[C[C[C[C[C[C[C[C[C[C[C[C[C[C[C[C[C[C[C[C[C[C[C[C[C[C[C[Cl "https://github.com/darwinanddavis/EmoRyCodingClub"[A[C[C[C[C[C[C[C[C[C[C[C[C[C[C[C[C[C[C[C[C[C[C[C[C[C[C[C[C[C[C[C[C[C[C[C[C[C[C[C[C[C[C "https://github.com/darwinanddavis/EmoRyCodingClub"[A[C[C[C[C[C[C[C[C[C[C[C[C[C[C[C[C[C[C[C[C[C[C[C[C[C[C[C[C[C[C[C[C[C[C[C[C[C[C[C[C[C"https://github.com/darwinanddavis/EmoRyCoding[1PClub"[A[C[C[C[C[C[C[C[C[C[C[C[C[C[C[C[C[C[C[C[C[C[C[C[C[C[C[C[C[C[C[C[C[C[C[C[C[C[C[C[C[C[C

usage: git remote set-url [--push] <name> <newurl> [<oldurl>]
   or: git remote set-url --add <name> <newurl>
   or: git remote set-url --delete <name> <url>

    --push                manipulate push URLs
    --add                 add URL
    --delete              delete URLs

]0;~/Documents/Emory/admin/ecc6300L-127771-M:ecc malishev$ git remote set-url "https://github.com/darwinanddavis/EmoRyCodinggClub"[A[C[C[C[C[C[C[C[C[C[C[C[C[C[C[C[C[C[C[C[C[C[C[C[C[C[C[C[C[C[C[C[C[C[C[C[C[C[C[C[C[C[C[C[C[C[C[C[C[C[C[C[C[C[C[C[C[C[C[C[C[C[C[C[C[C[C[C[C[C[C[C[C[C[C[C[C[C[C[C[C[C[C[C[C[C[C[C[C[C[C[C[C- "https://github.com/darwinanddavis/EmoRyCodingClub"[A[C[C[C[C[C[C[C[C[C[C[C[C[C[C[C[C[C[C[C[C[C[C[C[C[C[C[C[C[C[C[C[C[C[C[C[C[C[C[C[C[C- "https://github.com/darwinanddavis/EmoRyCodingClub"[A[C[C[C[C[C[C[C[C[C[C[C[C[C[C[C[C[C[C[C[C[C[C[C[C[C[C[C[C[C[C[C[C[C[C[C[C[C[C[C[C[C- "https://github.com/darwinanddavis/EmoRyCodingClub"[A[C[C[C[C[C[C[C[C[C[C[C[C[C[C[C[C[C[C[C[C[C[C[C[C[C[C[C[C[C[C[C[C[C[C[C[C[C[C[C[C[C "https://github.com/darwinanddavis/EmoRyCodi[1PngClub"[A[C[C[C[C[C[C[C[C[C[C[C[C[C[C[C[C[C[C[C[C[C[C[C[C[C[C[C[C[C[C[C[C[C[C[C[C[C[C[C[C[C "https://github.com/darwinanddavis/EmoRyCodin[1PgClub"[A[C[C[C[C[C[C[C[C[C[C[C[C[C[C[C[C[C[C[C[C[C[C[C[C[C[C[C[C[C[C[C[C[C[C[C[C[C[C[C[C[C "https://github.com/darwinanddavis/EmoRyCoding[1PClub"[A[C[C[C[C[C[C[C[C[C[C[C[C[C[C[C[C[C[C[C[C[C[C[C[C[C[C[C[C[C[C[C[C[C[C[C[C[C[C[C[C[C[C "https://github.com/darwinanddavis/EmoRyCodingClub"[A[C[C[C[C[C[C[C[C[C[C[C[C[C[C[C[C[C[C[C[C[C[C[C[C[C[C[C[C[C[C[C[C[C[C[C[C[C[C[C[C[C- "https://github.com/darwinanddavis/EmoRyCodingClub"[A[C[C[C[C[C[C[C[C[C[C[C[C[C[C[C[C[C[C[C[C[C[C[C[C[C[C[C[C[C[C[C[C[C[C[C[C[C[C[C[C[C- "https://github.com/darwinanddavis/EmoRyCodingClub"[A[C[C[C[C[C[C[C[C[C[C[C[C[C[C[C[C[C[C[C[C[C[C[C[C[C[C[C[C[C[C[C[C[C[C[C[C[C[C[C[C[Ca "https://github.com/darwinanddavis/EmoRyCodingClub"[A[C[C[C[C[C[C[C[C[C[C[C[C[C[C[C[C[C[C[C[C[C[C[C[C[C[C[C[C[C[C[C[C[C[C[C[C[C[C[C[C[Cd "https://github.com/darwinanddavis/EmoRyCodingClub"[A[C[C[C[C[C[C[C[C[C[C[C[C[C[C[C[C[C[C[C[C[C[C[C[C[C[C[C[C[C[C[C[C[C[C[C[C[C[C[C[C[Cd "https://github.com/darwinanddavis/EmoRyCodingClub"[A[C[C[C[C[C[C[C[C[C[C[C[C[C[C[C[C[C[C[C[C[C[C[C[C[C[C[C[C[C[C[C[C[C[C[C[C[C[C[C[C[C[C "https://github.com/darwinanddavis/EmoRyCodingClub"[A[C[C[C[C[C[C[C[C[C[C[C[C[C[C[C[C[C[C[C[C[C[C[C[C[C[C[C[C[C[C[C[C[C[C[C[C[C[C[C[C[C

usage: git remote set-url [--push] <name> <newurl> [<oldurl>]
   or: git remote set-url --add <name> <newurl>
   or: git remote set-url --delete <name> <url>

    --push                manipulate push URLs
    --add                 add URL
    --delete              delete URLs

]0;~/Documents/Emory/admin/ecc6300L-127771-M:ecc malishev$ git remote add origin "https://github.com/darwinanddavis/EmoRyCo dingClub"
]0;~/Documents/Emory/admin/ecc6300L-127771-M:ecc malishev$ git remote --v
origin	https://github.com/darwinanddavis/EmoRyCodingClub (fetch)
origin	https://github.com/darwinanddavis/EmoRyCodingClub (push)
]0;~/Documents/Emory/admin/ecc6300L-127771-M:ecc malishev$ git push origin master
Counting objects: 53, done.
Delta compression using up to 4 threads.
Compressing objects:   2% (1/41)   Compressing objects:   4% (2/41)   Compressing objects:   7% (3/41)   Compressing objects:   9% (4/41)   Compressing objects:  12% (5/41)   Compressing objects:  14% (6/41)   Compressing objects:  17% (7/41)   Compressing objects:  19% (8/41)   Compressing objects:  21% (9/41)   Compressing objects:  24% (10/41)   Compressing objects:  26% (11/41)   Compressing objects:  29% (12/41)   Compressing objects:  31% (13/41)   Compressing objects:  34% (14/41)   Compressing objects:  36% (15/41)   Compressing objects:  39% (16/41)   Compressing objects:  41% (17/41)   Compressing objects:  43% (18/41)   Compressing objects:  46% (19/41)   Compressing objects:  48% (20/41)   Compressing objects:  51% (21/41)   Compressing objects:  53% (22/41)   Compressing objects:  56% (23/41)   Compressing objects:  58% (24/41)   Compressing objects:  60% (25/41)   Compressing objects:  63% (26/41)   Compressing objects:  65% (27/41)   Compressing objects:  68% (28/41)   Compressing objects:  70% (29/41)   Compressing objects:  73% (30/41)   Compressing objects:  75% (31/41)   Compressing objects:  78% (32/41)   Compressing objects:  80% (33/41)   Compressing objects:  82% (34/41)   Compressing objects:  85% (35/41)   Compressing objects:  87% (36/41)   Compressing objects:  90% (37/41)   Compressing objects:  92% (38/41)   Compressing objects:  95% (39/41)   Compressing objects:  97% (40/41)   Compressing objects: 100% (41/41)   Compressing objects: 100% (41/41), done.
Writing objects:   1% (1/53)   Writing objects:   3% (2/53)   Writing objects:   5% (3/53)   Writing objects:   7% (4/53)   Writing objects:   9% (5/53)   Writing objects:  11% (6/53)   Writing objects:  13% (7/53)   Writing objects:  15% (8/53)   Writing objects:  16% (9/53)   Writing objects:  18% (10/53)   Writing objects:  20% (11/53)   Writing objects:  22% (12/53)   Writing objects:  24% (13/53)   Writing objects:  26% (14/53)   Writing objects:  28% (15/53)   Writing objects:  30% (16/53)   Writing objects:  32% (17/53)   Writing objects:  33% (18/53)   Writing objects:  35% (19/53)   Writing objects:  37% (20/53)   Writing objects:  39% (21/53)   Writing objects:  41% (22/53)   Writing objects:  43% (23/53)   Writing objects:  45% (24/53)   Writing objects:  47% (25/53)   Writing objects:  49% (26/53)   Writing objects:  50% (27/53)   Writing objects:  54% (29/53)   Writing objects:  60% (32/53)   Writing objects:  62% (33/53)   Writing objects:  64% (34/53)   Writing objects:  66% (35/53)   Writing objects:  67% (36/53)   Writing objects:  69% (37/53)   Writing objects:  71% (38/53)   Writing objects:  73% (39/53)   Writing objects:  75% (40/53)   Writing objects:  77% (41/53)   Writing objects:  79% (42/53)   Writing objects:  81% (43/53)   Writing objects:  83% (44/53)   Writing objects:  84% (45/53)   Writing objects:  86% (46/53)   Writing objects:  88% (47/53)   Writing objects:  90% (48/53)   Writing objects:  92% (49/53)   Writing objects:  94% (50/53)   Writing objects:  96% (51/53)   Writing objects:  98% (52/53)   Writing objects: 100% (53/53)   Writing objects: 100% (53/53), 307.89 KiB | 0 bytes/s, done.
Total 53 (delta 4), reused 0 (delta 0)
remote: Resolving deltas:   0% (0/4)   [Kremote: Resolving deltas:  25% (1/4)   [Kremote: Resolving deltas:  50% (2/4)   [Kremote: Resolving deltas: 100% (4/4)   [Kremote: Resolving deltas: 100% (4/4), done.[K
To https://github.com/darwinanddavis/EmoRyCodingClub
 * [new branch]      master -> master
]0;~/Documents/Emory/admin/ecc6300L-127771-M:ecc malishev$ git att[K[Kdd. [K[K . 
]0;~/Documents/Emory/admin/ecc6300L-127771-M:ecc malishev$ git commit 0[K-m ''[K[1P'[1P'[1P'[C[K[K[K[K[K[K[K[K[K[K[K[Kgit reset
Unstaged changes after reset:
M	.Rproj.user/ABE7B653/console06/E8FBF1BE
M	.Rproj.user/ABE7B653/sources/prop/89E75701
M	.Rproj.user/ABE7B653/sources/prop/C99BE371
M	.Rproj.user/ABE7B653/sources/s-FB918B88/229A19
M	.Rproj.user/ABE7B653/sources/s-FB918B88/229A19-contents
M	.Rproj.user/ABE7B653/sources/s-FB918B88/28805F7E
M	.Rproj.user/ABE7B653/sources/s-FB918B88/28805F7E-contents
M	.Rproj.user/shared/notebooks/45BF1761-ecc_master/1/ABE7B653FB918B88/chunks.json
M	.Rproj.user/shared/notebooks/45BF1761-ecc_master/1/s/chunks.json
M	ecc_master.Rmd
]0;~/Documents/Emory/admin/ecc6300L-127771-M:ecc malishev$ git add . 
]0;~/Documents/Emory/admin/ecc6300L-127771-M:ecc malishev$ git commt [K[Kit -m ''m'a's't'e'r' 'r'e'[1P'[1P'r'e'd'o'[1P'[1P'w'r'i't'e'
[master 0910b11] master rewrite
 12 files changed, 240 insertions(+), 49 deletions(-)
 create mode 100644 .Rproj.user/ABE7B653/sources/s-FB918B88/6673B09F
 create mode 100644 .Rproj.user/ABE7B653/sources/s-FB918B88/6673B09F-contents
]0;~/Documents/Emory/admin/ecc6300L-127771-M:ecc malishev$ git pi[Kush
fatal: The current branch master has no upstream branch.
To push the current branch and set the remote as upstream, use

    git push --set-upstream origin master

]0;~/Documents/Emory/admin/ecc6300L-127771-M:ecc malishev$ git push --e[Kset-upstream origin master
To https://github.com/darwinanddavis/EmoRyCodingClub
 ! [rejected]        master -> master (fetch first)
error: failed to push some refs to 'https://github.com/darwinanddavis/EmoRyCodingClub'
hint: Updates were rejected because the remote contains work that you do
hint: not have locally. This is usually caused by another repository pushing
hint: to the same ref. You may want to first integrate the remote changes
hint: (e.g., 'git pull ...') before pushing again.
hint: See the 'Note about fast-forwards' in 'git push --help' for details.
]0;~/Documents/Emory/admin/ecc6300L-127771-M:ecc malishev$ git pull origin [K[K[K[K[K[K[Ko[Kremote origin
fatal: 'remote' does not appear to be a git repository
fatal: Could not read from remote repository.

Please make sure you have the correct access rights
and the repository exists.
]0;~/Documents/Emory/admin/ecc6300L-127771-M:ecc malishev$ gt[Kit -[K[K remote --v
origin	https://github.com/darwinanddavis/EmoRyCodingClub (fetch)
origin	https://github.com/darwinanddavis/EmoRyCodingClub (push)
]0;~/Documents/Emory/admin/ecc6300L-127771-M:ecc malishev$ git remote --vpull remote origin[K[K[K[K[K[K[K[K[K[K[K[K[Korigin master
remote: Enumerating objects: 172, done.[K
remote: Counting objects:   0% (1/172)   [Kremote: Counting objects:   1% (2/172)   [Kremote: Counting objects:   2% (4/172)   [Kremote: Counting objects:   3% (6/172)   [Kremote: Counting objects:   4% (7/172)   [Kremote: Counting objects:   5% (9/172)   [Kremote: Counting objects:   6% (11/172)   [Kremote: Counting objects:   7% (13/172)   [Kremote: Counting objects:   8% (14/172)   [Kremote: Counting objects:   9% (16/172)   [Kremote: Counting objects:  10% (18/172)   [Kremote: Counting objects:  11% (19/172)   [Kremote: Counting objects:  12% (21/172)   [Kremote: Counting objects:  13% (23/172)   [Kremote: Counting objects:  14% (25/172)   [Kremote: Counting objects:  15% (26/172)   [Kremote: Counting objects:  16% (28/172)   [Kremote: Counting objects:  17% (30/172)   [Kremote: Counting objects:  18% (31/172)   [Kremote: Counting objects:  19% (33/172)   [Kremote: Counting objects:  20% (35/172)   [Kremote: Counting objects:  21% (37/172)   [Kremote: Counting objects:  22% (38/172)   [Kremote: Counting objects:  23% (40/172)   [Kremote: Counting objects:  24% (42/172)   [Kremote: Counting objects:  25% (43/172)   [Kremote: Counting objects:  26% (45/172)   [Kremote: Counting objects:  27% (47/172)   [Kremote: Counting objects:  28% (49/172)   [Kremote: Counting objects:  29% (50/172)   [Kremote: Counting objects:  30% (52/172)   remote: Counting objects:  31% (54/172)   [Kremote: Counting objects:  32% (56/172)   [Kremote: Counting objects:  33% (57/172)   [Kremote: Counting objects:  34% (59/172)   [Kremote: Counting objects:  35% (61/172)   [Kremote: Counting objects:  36% (62/172)   [Kremote: Counting objects:  37% (64/172)   [Kremote: Counting objects:  38% (66/172)   [Kremote: Counting objects:  39% (68/172)   [Kremote: Counting objects:  40% (69/172)   [Kremote: Counting objects:  41% (71/172)   [Kremote: Counting objects:  42% (73/172)   remote: Counting objects:  43% (74/172)   [Kremote: Counting objects:  44% (76/172)   [Kremote: Counting objects:  45% (78/172)   [Kremote: Counting objects:  46% (80/172)   [Kremote: Counting objects:  47% (81/172)   [Kremote: Counting objects:  48% (83/172)   [Kremote: Counting objects:  49% (85/172)   [Kremote: Counting objects:  50% (86/172)   [Kremote: Counting objects:  51% (88/172)   [Kremote: Counting objects:  52% (90/172)   [Kremote: Counting objects:  53% (92/172)   [Kremote: Counting objects:  54% (93/172)   [Kremote: Counting objects:  55% (95/172)   [Kremote: Counting objects:  56% (97/172)   [Kremote: Counting objects:  57% (99/172)   [Kremote: Counting objects:  58% (100/172)   [Kremote: Counting objects:  59% (102/172)   [Kremote: Counting objects:  60% (104/172)   [Kremote: Counting objects:  61% (105/172)   [Kremote: Counting objects:  62% (107/172)   [Kremote: Counting objects:  63% (109/172)   [Kremote: Counting objects:  64% (111/172)   [Kremote: Counting objects:  65% (112/172)   [Kremote: Counting objects:  66% (114/172)   [Kremote: Counting objects:  67% (116/172)   [Kremote: Counting objects:  68% (117/172)   [Kremote: Counting objects:  69% (119/172)   [Kremote: Counting objects:  70% (121/172)   [Kremote: Counting objects:  71% (123/172)   [Kremote: Counting objects:  72% (124/172)   [Kremote: Counting objects:  73% (126/172)   [Kremote: Counting objects:  74% (128/172)   [Kremote: Counting objects:  75% (129/172)   [Kremote: Counting objects:  76% (131/172)   [Kremote: Counting objects:  77% (133/172)   [Kremote: Counting objects:  78% (135/172)   [Kremote: Counting objects:  79% (136/172)   [Kremote: Counting objects:  80% (138/172)   [Kremote: Counting objects:  81% (140/172)   [Kremote: Counting objects:  82% (142/172)   [Kremote: Counting objects:  83% (143/172)   [Kremote: Counting objects:  84% (145/172)   [Kremote: Counting objects:  85% (147/172)   [Kremote: Counting objects:  86% (148/172)   [Kremote: Counting objects:  87% (150/172)   [Kremote: Counting objects:  88% (152/172)   [Kremote: Counting objects:  89% (154/172)   [Kremote: Counting objects:  90% (155/172)   [Kremote: Counting objects:  91% (157/172)   [Kremote: Counting objects:  92% (159/172)   [Kremote: Counting objects:  93% (160/172)   [Kremote: Counting objects:  94% (162/172)   [Kremote: Counting objects:  95% (164/172)   [Kremote: Counting objects:  96% (166/172)   [Kremote: Counting objects:  97% (167/172)   [Kremote: Counting objects:  98% (169/172)   [Kremote: Counting objects:  99% (171/172)   [Kremote: Counting objects: 100% (172/172)   [Kremote: Counting objects: 100% (172/172), done.[K
remote: Compressing objects:   0% (1/117)   [Kremote: Compressing objects:   1% (2/117)   [Kremote: Compressing objects:   2% (3/117)   [Kremote: Compressing objects:   3% (4/117)   [Kremote: Compressing objects:   4% (5/117)   [Kremote: Compressing objects:   5% (6/117)   [Kremote: Compressing objects:   6% (8/117)   [Kremote: Compressing objects:   7% (9/117)   [Kremote: Compressing objects:   8% (10/117)   [Kremote: Compressing objects:   9% (11/117)   [Kremote: Compressing objects:  10% (12/117)   [Kremote: Compressing objects:  11% (13/117)   [Kremote: Compressing objects:  12% (15/117)   [Kremote: Compressing objects:  13% (16/117)   [Kremote: Compressing objects:  14% (17/117)   [Kremote: Compressing objects:  15% (18/117)   [Kremote: Compressing objects:  16% (19/117)   [Kremote: Compressing objects:  17% (20/117)   [Kremote: Compressing objects:  18% (22/117)   [Kremote: Compressing objects:  19% (23/117)   [Kremote: Compressing objects:  20% (24/117)   [Kremote: Compressing objects:  21% (25/117)   [Kremote: Compressing objects:  22% (26/117)   [Kremote: Compressing objects:  23% (27/117)   [Kremote: Compressing objects:  24% (29/117)   [Kremote: Compressing objects:  25% (30/117)   [Kremote: Compressing objects:  26% (31/117)   [Kremote: Compressing objects:  27% (32/117)   [Kremote: Compressing objects:  28% (33/117)   [Kremote: Compressing objects:  29% (34/117)   [Kremote: Compressing objects:  30% (36/117)   [Kremote: Compressing objects:  31% (37/117)   [Kremote: Compressing objects:  32% (38/117)   [Kremote: Compressing objects:  33% (39/117)   [Kremote: Compressing objects:  34% (40/117)   [Kremote: Compressing objects:  35% (41/117)   [Kremote: Compressing objects:  36% (43/117)   [Kremote: Compressing objects:  37% (44/117)   [Kremote: Compressing objects:  38% (45/117)   [Kremote: Compressing objects:  39% (46/117)   [Kremote: Compressing objects:  40% (47/117)   [Kremote: Compressing objects:  41% (48/117)   [Kremote: Compressing objects:  42% (50/117)   [Kremote: Compressing objects:  43% (51/117)   [Kremote: Compressing objects:  44% (52/117)   [Kremote: Compressing objects:  45% (53/117)   [Kremote: Compressing objects:  46% (54/117)   [Kremote: Compressing objects:  47% (55/117)   [Kremote: Compressing objects:  48% (57/117)   [Kremote: Compressing objects:  49% (58/117)   [Kremote: Compressing objects:  50% (59/117)   [Kremote: Compressing objects:  51% (60/117)   [Kremote: Compressing objects:  52% (61/117)   [Kremote: Compressing objects:  53% (63/117)   [Kremote: Compressing objects:  54% (64/117)   [Kremote: Compressing objects:  55% (65/117)   [Kremote: Compressing objects:  56% (66/117)   [Kremote: Compressing objects:  57% (67/117)   [Kremote: Compressing objects:  58% (68/117)   [Kremote: Compressing objects:  59% (70/117)   [Kremote: Compressing objects:  60% (71/117)   [Kremote: Compressing objects:  61% (72/117)   [Kremote: Compressing objects:  62% (73/117)   [Kremote: Compressing objects:  63% (74/117)   [Kremote: Compressing objects:  64% (75/117)   [Kremote: Compressing objects:  65% (77/117)   [Kremote: Compressing objects:  66% (78/117)   [Kremote: Compressing objects:  67% (79/117)   [Kremote: Compressing objects:  68% (80/117)   [Kremote: Compressing objects:  69% (81/117)   [Kremote: Compressing objects:  70% (82/117)   [Kremote: Compressing objects:  71% (84/117)   [Kremote: Compressing objects:  72% (85/117)   [Kremote: Compressing objects:  73% (86/117)   [Kremote: Compressing objects:  74% (87/117)   [Kremote: Compressing objects:  75% (88/117)   [Kremote: Compressing objects:  76% (89/117)   [Kremote: Compressing objects:  77% (91/117)   [Kremote: Compressing objects:  78% (92/117)   [Kremote: Compressing objects:  79% (93/117)   [Kremote: Compressing objects:  80% (94/117)   [Kremote: Compressing objects:  81% (95/117)   [Kremote: Compressing objects:  82% (96/117)   [Kremote: Compressing objects:  83% (98/117)   [Kremote: Compressing objects:  84% (99/117)   [Kremote: Compressing objects:  85% (100/117)   [Kremote: Compressing objects:  86% (101/117)   [Kremote: Compressing objects:  87% (102/117)   [Kremote: Compressing objects:  88% (103/117)   [Kremote: Compressing objects:  89% (105/117)   [Kremote: Compressing objects:  90% (106/117)   [Kremote: Compressing objects:  91% (107/117)   [Kremote: Compressing objects:  92% (108/117)   [Kremote: Compressing objects:  93% (109/117)   [Kremote: Compressing objects:  94% (110/117)   [Kremote: Compressing objects:  95% (112/117)   [Kremote: Compressing objects:  96% (113/117)   [Kremote: Compressing objects:  97% (114/117)   [Kremote: Compressing objects:  98% (115/117)   [Kremote: Compressing objects:  99% (116/117)   [Kremote: Compressing objects: 100% (117/117)   [Kremote: Compressing objects: 100% (117/117), done.[K
Receiving objects:   0% (1/165)   Receiving objects:   1% (2/165)   Receiving objects:   2% (4/165)   Receiving objects:   3% (5/165)   Receiving objects:   4% (7/165)   Receiving objects:   5% (9/165)   Receiving objects:   6% (10/165)   Receiving objects:   7% (12/165)   Receiving objects:   8% (14/165)   Receiving objects:   9% (15/165)   Receiving objects:  10% (17/165)   Receiving objects:  11% (19/165)   Receiving objects:  12% (20/165)   Receiving objects:  13% (22/165)   Receiving objects:  14% (24/165)   Receiving objects:  15% (25/165)   Receiving objects:  16% (27/165)   Receiving objects:  17% (29/165)   Receiving objects:  18% (30/165)   Receiving objects:  19% (32/165)   Receiving objects:  20% (33/165)   Receiving objects:  21% (35/165)   Receiving objects:  22% (37/165)   Receiving objects:  23% (38/165)   Receiving objects:  24% (40/165)   Receiving objects:  25% (42/165)   Receiving objects:  26% (43/165)   Receiving objects:  27% (45/165)   Receiving objects:  28% (47/165)   Receiving objects:  29% (48/165)   Receiving objects:  30% (50/165)   Receiving objects:  31% (52/165)   Receiving objects:  32% (53/165)   Receiving objects:  33% (55/165)   Receiving objects:  34% (57/165)   Receiving objects:  35% (58/165)   Receiving objects:  36% (60/165)   Receiving objects:  37% (62/165)   Receiving objects:  38% (63/165)   Receiving objects:  39% (65/165)   Receiving objects:  40% (66/165)   Receiving objects:  41% (68/165)   Receiving objects:  42% (70/165)   Receiving objects:  43% (71/165)   Receiving objects:  44% (73/165)   Receiving objects:  45% (75/165)   Receiving objects:  46% (76/165)   Receiving objects:  47% (78/165)   Receiving objects:  48% (80/165)   Receiving objects:  49% (81/165)   Receiving objects:  50% (83/165)   Receiving objects:  51% (85/165)   Receiving objects:  52% (86/165)   Receiving objects:  53% (88/165)   Receiving objects:  54% (90/165)   Receiving objects:  55% (91/165)   Receiving objects:  56% (93/165)   Receiving objects:  57% (95/165)   Receiving objects:  58% (96/165)   Receiving objects:  59% (98/165)   Receiving objects:  60% (99/165)   Receiving objects:  61% (101/165)   Receiving objects:  62% (103/165)   Receiving objects:  63% (104/165)   Receiving objects:  64% (106/165)   Receiving objects:  65% (108/165)   Receiving objects:  66% (109/165)   Receiving objects:  67% (111/165)   Receiving objects:  68% (113/165)   Receiving objects:  69% (114/165)   Receiving objects:  70% (116/165)   Receiving objects:  71% (118/165)   Receiving objects:  72% (119/165)   Receiving objects:  73% (121/165)   Receiving objects:  74% (123/165)   Receiving objects:  75% (124/165)   Receiving objects:  76% (126/165)   Receiving objects:  77% (128/165)   remote: Total 165 (delta 40), reused 163 (delta 38), pack-reused 0[K
Receiving objects:  78% (129/165)   Receiving objects:  79% (131/165)   Receiving objects:  80% (132/165)   Receiving objects:  81% (134/165)   Receiving objects:  82% (136/165)   Receiving objects:  83% (137/165)   Receiving objects:  84% (139/165)   Receiving objects:  85% (141/165)   Receiving objects:  86% (142/165)   Receiving objects:  87% (144/165)   Receiving objects:  88% (146/165)   Receiving objects:  89% (147/165)   Receiving objects:  90% (149/165)   Receiving objects:  91% (151/165)   Receiving objects:  92% (152/165)   Receiving objects:  93% (154/165)   Receiving objects:  94% (156/165)   Receiving objects:  95% (157/165)   Receiving objects:  96% (159/165)   Receiving objects:  97% (161/165)   Receiving objects:  98% (162/165)   Receiving objects:  99% (164/165)   Receiving objects: 100% (165/165)   Receiving objects: 100% (165/165), 2.14 MiB | 0 bytes/s, done.
Resolving deltas:   0% (0/40)   Resolving deltas:  10% (4/40)   Resolving deltas:  12% (5/40)   Resolving deltas:  15% (6/40)   Resolving deltas:  17% (7/40)   Resolving deltas:  45% (18/40)   Resolving deltas:  47% (19/40)   Resolving deltas:  52% (21/40)   Resolving deltas:  57% (23/40)   Resolving deltas:  60% (24/40)   Resolving deltas:  62% (25/40)   Resolving deltas:  65% (26/40)   Resolving deltas:  95% (38/40)   Resolving deltas:  97% (39/40)   Resolving deltas: 100% (40/40)   Resolving deltas: 100% (40/40), completed with 2 local objects.
From https://github.com/darwinanddavis/EmoRyCodingClub
 * branch            master     -> FETCH_HEAD
   b2cbf56..607f7b9  master     -> origin/master
Auto-merging ecc_master1.Rmd
Removing .Rproj.user/shared/notebooks/E22EADF1-ecc_master/1/s/cz7n466lmj9rs/000002.csv
Removing .Rproj.user/shared/notebooks/E22EADF1-ecc_master/1/s/chunks.json
Removing .Rproj.user/shared/notebooks/5A3CBB58-ecc_admin/1/s/chunks.json
Removing .Rproj.user/shared/notebooks/5A3CBB58-ecc_admin/1/ABE7B653FB918B88/chunks.json
CONFLICT (modify/delete): .Rproj.user/shared/notebooks/45BF1761-ecc_master/1/s/chunks.json deleted in 607f7b92c692f66e2f64a1335f472ce4bc0ecf61 and modified in HEAD. Version HEAD of .Rproj.user/shared/notebooks/45BF1761-ecc_master/1/s/chunks.json left in tree.
CONFLICT (modify/delete): .Rproj.user/shared/notebooks/45BF1761-ecc_master/1/ABE7B653FB918B88/chunks.json deleted in 607f7b92c692f66e2f64a1335f472ce4bc0ecf61 and modified in HEAD. Version HEAD of .Rproj.user/shared/notebooks/45BF1761-ecc_master/1/ABE7B653FB918B88/chunks.json left in tree.
Automatic merge failed; fix conflicts and then commit the result.
]0;~/Documents/Emory/admin/ecc6300L-127771-M:ecc malishev$ git [K[K[K[Kgit add . 
]0;~/Documents/Emory/admin/ecc6300L-127771-M:ecc malishev$ git commit -mm '[K[K[K[Km ''u'p'd'a't'e'd' 'l'o'a'd'i'n'g' 'p'f'e'[1P'[1P'a'g'e'[1P'[1P'[1P'[1P'[1P'[1P'[1P'[1P'[1P'[1P'[1P'[1P'i'n'd'e'x'
[master dbaafc1] updated index
]0;~/Documents/Emory/admin/ecc6300L-127771-M:ecc malishev$ git commit[K[K[K[K[K[Kpush
fatal: The current branch master has no upstream branch.
To push the current branch and set the remote as upstream, use

    git push --set-upstream origin master

]0;~/Documents/Emory/admin/ecc6300L-127771-M:ecc malishev$ git remote --v
origin	https://github.com/darwinanddavis/EmoRyCodingClub (fetch)
origin	https://github.com/darwinanddavis/EmoRyCodingClub (push)
]0;~/Documents/Emory/admin/ecc6300L-127771-M:ecc malishev$ git push --set-upstream r[Koro[Kigin master
To https://github.com/darwinanddavis/EmoRyCodingClub
 ! [rejected]        master -> master (fetch first)
error: failed to push some refs to 'https://github.com/darwinanddavis/EmoRyCodingClub'
hint: Updates were rejected because the remote contains work that you do
hint: not have locally. This is usually caused by another repository pushing
hint: to the same ref. You may want to first integrate the remote changes
hint: (e.g., 'git pull ...') before pushing again.
hint: See the 'Note about fast-forwards' in 'git push --help' for details.
]0;~/Documents/Emory/admin/ecc6300L-127771-M:ecc malishev$ git pull o[Korigin mss[K[Kaster
remote: Enumerating objects: 11, done.[K
remote: Counting objects:   9% (1/11)   [Kremote: Counting objects:  18% (2/11)   [Kremote: Counting objects:  27% (3/11)   [Kremote: Counting objects:  36% (4/11)   [Kremote: Counting objects:  45% (5/11)   [Kremote: Counting objects:  54% (6/11)   [Kremote: Counting objects:  63% (7/11)   [Kremote: Counting objects:  72% (8/11)   [Kremote: Counting objects:  81% (9/11)   [Kremote: Counting objects:  90% (10/11)   [Kremote: Counting objects: 100% (11/11)   [Kremote: Counting objects: 100% (11/11), done.[K
remote: Compressing objects:  50% (1/2)   [Kremote: Compressing objects: 100% (2/2)   [Kremote: Compressing objects: 100% (2/2), done.[K
remote: Total 7 (delta 3), reused 7 (delta 3), pack-reused 0[K
Unpacking objects:  14% (1/7)   Unpacking objects:  28% (2/7)   Unpacking objects:  42% (3/7)   Unpacking objects:  57% (4/7)   Unpacking objects:  71% (5/7)   Unpacking objects:  85% (6/7)   Unpacking objects: 100% (7/7)   Unpacking objects: 100% (7/7), done.
From https://github.com/darwinanddavis/EmoRyCodingClub
 * branch            master     -> FETCH_HEAD
   607f7b9..6120561  master     -> origin/master
Auto-merging index.Rmd
Merge made by the 'recursive' strategy.
 .Rhistory  | 1 [32m+[m
 .gitignore | 1 [32m+[m
 index.Rmd  | 2 [32m+[m[31m-[m
 3 files changed, 3 insertions(+), 1 deletion(-)
]0;~/Documents/Emory/admin/ecc6300L-127771-M:ecc malishev$ git commit -m[K[K[K[K[K[K[K[K[Kadd .